// Jest Snapshot v1, https://goo.gl/fbAQLP

exports[`Render Header correctly 1`] = `
<div
  className="Header-root-1"
>
  <header
    className="MuiPaper-root-15 MuiPaper-elevation4-21 MuiAppBar-root-6 MuiAppBar-positionStatic-10 MuiAppBar-colorPrimary-13"
  >
    <div
      className="MuiToolbar-root-42 MuiToolbar-regular-44 MuiToolbar-gutters-43"
    >
      <img
        alt="notes logo"
        className="Header-logo-5"
        src="logo.png"
      />
      <h6
        className="MuiTypography-root-46 MuiTypography-h6-63 MuiTypography-colorTextPrimary-78 MuiTypography-noWrap-72 Header-title-3"
      >
        Notes
      </h6>
      <div
        className="SearchBar-search-81"
      >
        <div
          className="SearchBar-searchIcon-82"
        >
          <svg
            aria-hidden="true"
            className="MuiSvgIcon-root-85"
            focusable="false"
            role="presentation"
            viewBox="0 0 24 24"
          >
            <path
              d="M15.5 14h-.79l-.28-.27C15.41 12.59 16 11.11 16 9.5 16 5.91 13.09 3 9.5 3S3 5.91 3 9.5 5.91 16 9.5 16c1.61 0 3.09-.59 4.23-1.57l.27.28v.79l5 4.99L20.49 19l-4.99-5zm-6 0C7.01 14 5 11.99 5 9.5S7.01 5 9.5 5 14 7.01 14 9.5 11.99 14 9.5 14z"
            />
            <path
              d="M0 0h24v24H0z"
              fill="none"
            />
          </svg>
        </div>
        <div
          className="MuiInputBase-root-94 SearchBar-inputRoot-83"
          onClick={[Function]}
          onKeyPress={[Function]}
        >
          <input
            className="MuiInputBase-input-104 SearchBar-inputInput-84"
            onBlur={[Function]}
            onChange={[Function]}
            onFocus={[Function]}
            placeholder="Searchâ€¦"
            type="text"
            value=""
          />
        </div>
      </div>
      <div
        className="Header-grow-4"
      />
      <button
        className="MuiButtonBase-root-137 MuiButton-root-111 MuiButton-text-113 MuiButton-flat-116"
        disabled={false}
        onBlur={[Function]}
        onClick={[Function]}
        onContextMenu={[Function]}
        onFocus={[Function]}
        onKeyDown={[Function]}
        onKeyUp={[Function]}
        onMouseDown={[Function]}
        onMouseLeave={[Function]}
        onMouseUp={[Function]}
        onTouchEnd={[Function]}
        onTouchMove={[Function]}
        onTouchStart={[Function]}
        tabIndex="0"
        type="button"
      >
        <span
          className="MuiButton-label-112"
        >
          Login
        </span>
        <span
          className="MuiTouchRipple-root-140"
        />
      </button>
    </div>
  </header>
</div>
`;
